[    0.000000] Initializing cgroup subsys cpuset
[    0.000000] Initializing cgroup subsys cpu
[    0.000000] Initializing cgroup subsys cpuacct
[    0.000000] Linux version 4.4.0-78-generic (buildd@lgw01-11) (gcc version 5.4.0 20160609 (Ubuntu 5.4.0-6ubuntu1~16.04.4) ) #99-Ubuntu SMP Thu Apr 27 15:29:09 UTC 2017 (Ubuntu 4.4.0-78.99-generic 4.4.62)
[    0.000000] Command line: BOOT_IMAGE=/boot/vmlinuz-4.4.0-78-generic root=LABEL=cloudimg-rootfs ro console=tty1 console=ttyS0
[    0.000000] KERNEL supported cpus:
[    0.000000]   Intel GenuineIntel
[    0.000000]   AMD AuthenticAMD
[    0.000000]   Centaur CentaurHauls
[    0.000000] x86/fpu: xstate_offset[2]:  576, xstate_sizes[2]:  256
[    0.000000] x86/fpu: Supporting XSAVE feature 0x01: 'x87 floating point registers'
[    0.000000] x86/fpu: Supporting XSAVE feature 0x02: 'SSE registers'
[    0.000000] x86/fpu: Supporting XSAVE feature 0x04: 'AVX registers'
[    0.000000] x86/fpu: Enabled xstate features 0x7, context size is 832 bytes, using 'standard' format.
[    0.000000] x86/fpu: Using 'lazy' FPU context switches.
[    0.000000] e820: BIOS-provided physical RAM map:
[    0.000000] BIOS-e820: [mem 0x0000000000000000-0x000000000009fbff] usable
[    0.000000] BIOS-e820: [mem 0x000000000009fc00-0x000000000009ffff] reserved
[    0.000000] BIOS-e820: [mem 0x00000000000f0000-0x00000000000fffff] reserved
[    0.000000] BIOS-e820: [mem 0x0000000000100000-0x000000007ffeffff] usable
[    0.000000] BIOS-e820: [mem 0x000000007fff0000-0x000000007fffffff] ACPI data
[    0.000000] BIOS-e820: [mem 0x00000000fec00000-0x00000000fec00fff] reserved
[    0.000000] BIOS-e820: [mem 0x00000000fee00000-0x00000000fee00fff] reserved
[    0.000000] BIOS-e820: [mem 0x00000000fffc0000-0x00000000ffffffff] reserved
[    0.000000] NX (Execute Disable) protection: active
[    0.000000] SMBIOS 2.5 present.
[    0.000000] Hypervisor detected: KVM
[    0.000000] e820: last_pfn = 0x7fff0 max_arch_pfn = 0x400000000
[    0.000000] MTRR: Disabled
[    0.000000] x86/PAT: MTRRs disabled, skipping PAT initialization too.
[    0.000000] x86/PAT: Configuration [0-7]: WB  WT  UC- UC  WB  WT  UC- UC  
[    0.000000] CPU MTRRs all blank - virtualized system.
[    0.000000] found SMP MP-table at [mem 0x0009fff0-0x0009ffff] mapped at [ffff88000009fff0]
[    0.000000] Scanning 1 areas for low memory corruption
[    0.000000] RAMDISK: [mem 0x36acc000-0x3755dfff]
[    0.000000] ACPI: Early table checksum verification disabled
[    0.000000] ACPI: RSDP 0x00000000000E0000 000024 (v02 VBOX  )
[    0.000000] ACPI: XSDT 0x000000007FFF0030 00003C (v01 VBOX   VBOXXSDT 00000001 ASL  00000061)
[    0.000000] ACPI: FACP 0x000000007FFF00F0 0000F4 (v04 VBOX   VBOXFACP 00000001 ASL  00000061)
[    0.000000] ACPI: DSDT 0x000000007FFF0470 0021C8 (v02 VBOX   VBOXBIOS 00000002 INTL 20100528)
[    0.000000] ACPI: FACS 0x000000007FFF0200 000040
[    0.000000] ACPI: FACS 0x000000007FFF0200 000040
[    0.000000] ACPI: APIC 0x000000007FFF0240 00005C (v02 VBOX   VBOXAPIC 00000001 ASL  00000061)
[    0.000000] ACPI: SSDT 0x000000007FFF02A0 0001CC (v01 VBOX   VBOXCPUT 00000002 INTL 20100528)
[    0.000000] No NUMA configuration found
[    0.000000] Faking a node at [mem 0x0000000000000000-0x000000007ffeffff]
[    0.000000] NODE_DATA(0) allocated [mem 0x7ffeb000-0x7ffeffff]
[    0.000000] kvm-clock: Using msrs 4b564d01 and 4b564d00
[    0.000000] kvm-clock: cpu 0, msr 0:7ffe3001, primary cpu clock
[    0.000000] kvm-clock: using sched offset of 3078216997 cycles
[    0.000000] clocksource: kvm-clock: mask: 0xffffffffffffffff max_cycles: 0x1cd42e4dffb, max_idle_ns: 881590591483 ns
[    0.000000] Zone ranges:
[    0.000000]   DMA      [mem 0x0000000000001000-0x0000000000ffffff]
[    0.000000]   DMA32    [mem 0x0000000001000000-0x000000007ffeffff]
[    0.000000]   Normal   empty
[    0.000000]   Device   empty
[    0.000000] Movable zone start for each node
[    0.000000] Early memory node ranges
[    0.000000]   node   0: [mem 0x0000000000001000-0x000000000009efff]
[    0.000000]   node   0: [mem 0x0000000000100000-0x000000007ffeffff]
[    0.000000] Initmem setup node 0 [mem 0x0000000000001000-0x000000007ffeffff]
[    0.000000] ACPI: PM-Timer IO Port: 0x4008
[    0.000000] IOAPIC[0]: apic_id 2, version 32, address 0xfec00000, GSI 0-23
[    0.000000] ACPI: INT_SRC_OVR (bus 0 bus_irq 0 global_irq 2 dfl dfl)
[    0.000000] ACPI: INT_SRC_OVR (bus 0 bus_irq 9 global_irq 9 high level)
[    0.000000] Using ACPI (MADT) for SMP configuration information
[    0.000000] smpboot: Allowing 2 CPUs, 0 hotplug CPUs
[    0.000000] PM: Registered nosave memory: [mem 0x00000000-0x00000fff]
[    0.000000] PM: Registered nosave memory: [mem 0x0009f000-0x0009ffff]
[    0.000000] PM: Registered nosave memory: [mem 0x000a0000-0x000effff]
[    0.000000] PM: Registered nosave memory: [mem 0x000f0000-0x000fffff]
[    0.000000] e820: [mem 0x80000000-0xfebfffff] available for PCI devices
[    0.000000] Booting paravirtualized kernel on KVM
[    0.000000] clocksource: refined-jiffies: mask: 0xffffffff max_cycles: 0xffffffff, max_idle_ns: 7645519600211568 ns
[    0.000000] setup_percpu: NR_CPUS:512 nr_cpumask_bits:512 nr_cpu_ids:2 nr_node_ids:1
[    0.000000] PERCPU: Embedded 33 pages/cpu @ffff88007fc00000 s98264 r8192 d28712 u1048576
[    0.000000] PV qspinlock hash table entries: 256 (order: 0, 4096 bytes)
[    0.000000] Built 1 zonelists in Node order, mobility grouping on.  Total pages: 515961
[    0.000000] Policy zone: DMA32
[    0.000000] Kernel command line: BOOT_IMAGE=/boot/vmlinuz-4.4.0-78-generic root=LABEL=cloudimg-rootfs ro console=tty1 console=ttyS0
[    0.000000] PID hash table entries: 4096 (order: 3, 32768 bytes)
[    0.000000] Memory: 2033948K/2096696K available (8469K kernel code, 1294K rwdata, 3984K rodata, 1484K init, 1316K bss, 62748K reserved, 0K cma-reserved)
[    0.000000] SLUB: HWalign=64, Order=0-3, MinObjects=0, CPUs=2, Nodes=1
[    0.000000] Hierarchical RCU implementation.
[    0.000000] 	Build-time adjustment of leaf fanout to 64.
[    0.000000] 	RCU restricting CPUs from NR_CPUS=512 to nr_cpu_ids=2.
[    0.000000] RCU: Adjusting geometry for rcu_fanout_leaf=64, nr_cpu_ids=2
[    0.000000] NR_IRQS:33024 nr_irqs:440 16
[    0.000000] Console: colour VGA+ 80x25
[    0.000000] console [tty1] enabled
[    0.000000] console [ttyS0] enabled
[    0.000000] tsc: Detected 3791.220 MHz processor
[    0.261602] Calibrating delay loop (skipped) preset value.. 7582.44 BogoMIPS (lpj=15164880)
[    0.262754] pid_max: default: 32768 minimum: 301
[    0.263356] ACPI: Core revision 20150930
[    0.264597] ACPI: 2 ACPI AML tables successfully acquired and loaded
[    0.265460] Security Framework initialized
[    0.266089] Yama: becoming mindful.
[    0.266604] AppArmor: AppArmor initialized
[    0.267421] Dentry cache hash table entries: 262144 (order: 9, 2097152 bytes)
[    0.268476] Inode-cache hash table entries: 131072 (order: 8, 1048576 bytes)
[    0.269398] Mount-cache hash table entries: 4096 (order: 3, 32768 bytes)
[    0.270237] Mountpoint-cache hash table entries: 4096 (order: 3, 32768 bytes)
[    0.271346] Initializing cgroup subsys io
[    0.271895] Initializing cgroup subsys memory
[    0.276206] Initializing cgroup subsys devices
[    0.276792] Initializing cgroup subsys freezer
[    0.277379] Initializing cgroup subsys net_cls
[    0.277961] Initializing cgroup subsys perf_event
[    0.278589] Initializing cgroup subsys net_prio
[    0.279185] Initializing cgroup subsys hugetlb
[    0.279769] Initializing cgroup subsys pids
[    0.280386] CPU: Physical Processor ID: 0
[    0.280936] CPU: Processor Core ID: 0
[    0.282170] mce: CPU supports 0 MCE banks
[    0.282747] Last level iTLB entries: 4KB 1024, 2MB 1024, 4MB 1024
[    0.283480] Last level dTLB entries: 4KB 1024, 2MB 1024, 4MB 1024, 1GB 4
[    0.285670] Freeing SMP alternatives memory: 32K (ffffffff820b8000 - ffffffff820c0000)
[    0.292739] ftrace: allocating 32120 entries in 126 pages
[    0.323853] smpboot: APIC(0) Converting physical 0 to logical package 0
[    0.330502] smpboot: Max logical packages: 1
[    0.331290] x2apic enabled
[    0.331892] Switched APIC routing to physical x2apic.
[    0.337645] ..TIMER: vector=0x30 apic1=0 pin1=2 apic2=-1 pin2=-1
[    0.442704] smpboot: CPU0: Intel(R) Core(TM) i3-4370 CPU @ 3.80GHz (family: 0x6, model: 0x3c, stepping: 0x3)
[    0.451840] Performance Events: unsupported p6 CPU model 60 no PMU driver, software events only.
[    0.453098] KVM setup paravirtual spinlock
[    0.459863] x86: Booting SMP configuration:
[    0.460455] .... node  #0, CPUs:      #1
[    0.461376] kvm-clock: cpu 1, msr 0:7ffe3041, secondary cpu clock
[    0.510438] mce: CPU supports 0 MCE banks
[    0.513043] x86: Booted up 1 node, 2 CPUs
[    0.519847] smpboot: Total of 2 processors activated (15164.88 BogoMIPS)
[    0.520899] devtmpfs: initialized
[    0.522446] evm: security.selinux
[    0.522945] evm: security.SMACK64
[    0.523430] evm: security.SMACK64EXEC
[    0.523940] evm: security.SMACK64TRANSMUTE
[    0.524495] evm: security.SMACK64MMAP
[    0.525007] evm: security.ima
[    0.525463] evm: security.capability
[    0.526069] clocksource: jiffies: mask: 0xffffffff max_cycles: 0xffffffff, max_idle_ns: 7645041785100000 ns
[    0.527288] futex hash table entries: 512 (order: 3, 32768 bytes)
[    0.528091] pinctrl core: initialized pinctrl subsystem
[    0.528820] RTC time:  9:56:32, date: 05/26/17
[    0.529514] NET: Registered protocol family 16
[    0.539172] cpuidle: using governor ladder
[    0.551672] cpuidle: using governor menu
[    0.552218] PCCT header not found.
[    0.553879] ACPI: bus type PCI registered
[    0.554425] acpiphp: ACPI Hot Plug PCI Controller Driver version: 0.5
[    0.555281] PCI: Using configuration type 1 for base access
[    0.571560] ACPI: Added _OSI(Module Device)
[    0.575215] ACPI: Added _OSI(Processor Device)
[    0.575802] ACPI: Added _OSI(3.0 _SCP Extensions)
[    0.576408] ACPI: Added _OSI(Processor Aggregator Device)
[    0.577579] ACPI: Executed 1 blocks of module-level executable AML code
[    0.579987] ACPI: Interpreter enabled
[    0.584170] ACPI: (supports S0 S5)
[    0.590941] ACPI: Using IOAPIC for interrupt routing
[    0.591706] PCI: Using host bridge windows from ACPI; if necessary, use "pci=nocrs" and report a bug
[    0.595277] ACPI: PCI Root Bridge [PCI0] (domain 0000 [bus 00-ff])
[    0.596062] acpi PNP0A03:00: _OSC: OS supports [ASPM ClockPM Segments MSI]
[    0.599848] acpi PNP0A03:00: _OSC failed (AE_NOT_FOUND); disabling ASPM
[    0.600632] acpi PNP0A03:00: fail to add MMCONFIG information, can't access extended PCI configuration space under this bridge.
[    0.602185] PCI host bridge to bus 0000:00
[    0.602744] pci_bus 0000:00: root bus resource [io  0x0000-0x0cf7 window]
[    0.603554] pci_bus 0000:00: root bus resource [io  0x0d00-0xffff window]
[    0.604358] pci_bus 0000:00: root bus resource [mem 0x000a0000-0x000bffff window]
[    0.612619] pci_bus 0000:00: root bus resource [mem 0x80000000-0xffdfffff window]
[    0.613630] pci_bus 0000:00: root bus resource [bus 00-ff]
[    0.615484] pci 0000:00:01.1: legacy IDE quirk: reg 0x10: [io  0x01f0-0x01f7]
[    0.616317] pci 0000:00:01.1: legacy IDE quirk: reg 0x14: [io  0x03f6]
[    0.617137] pci 0000:00:01.1: legacy IDE quirk: reg 0x18: [io  0x0170-0x0177]
[    0.635410] pci 0000:00:01.1: legacy IDE quirk: reg 0x1c: [io  0x0376]
[    0.657749] pci 0000:00:07.0: quirk: [io  0x4000-0x403f] claimed by PIIX4 ACPI
[    0.664726] pci 0000:00:07.0: quirk: [io  0x4100-0x410f] claimed by PIIX4 SMB
[    0.672606] ACPI: PCI Interrupt Link [LNKA] (IRQs 5 9 10 *11)
[    0.686828] ACPI: PCI Interrupt Link [LNKB] (IRQs 5 9 10 *11)
[    0.687876] ACPI: PCI Interrupt Link [LNKC] (IRQs 5 9 *10 11)
[    0.690403] ACPI: PCI Interrupt Link [LNKD] (IRQs 5 *9 10 11)
[    0.691482] ACPI: Enabled 2 GPEs in block 00 to 07
[    0.692350] vgaarb: setting as boot device: PCI:0000:00:02.0
[    0.693049] vgaarb: device added: PCI:0000:00:02.0,decodes=io+mem,owns=io+mem,locks=none
[    0.694102] vgaarb: loaded
[    0.700076] vgaarb: bridge control possible 0000:00:02.0
[    0.700910] SCSI subsystem initialized
[    0.701559] ACPI: bus type USB registered
[    0.702124] usbcore: registered new interface driver usbfs
[    0.702837] usbcore: registered new interface driver hub
[    0.703525] usbcore: registered new device driver usb
[    0.704294] PCI: Using ACPI for IRQ routing
[    0.710841] NetLabel: Initializing
[    0.711350] NetLabel:  domain hash size = 128
[    0.711952] NetLabel:  protocols = UNLABELED CIPSOv4
[    0.712592] NetLabel:  unlabeled traffic allowed by default
[    0.713361] amd_nb: Cannot enumerate AMD northbridges
[    0.714021] clocksource: Switched to clocksource kvm-clock
[    0.719250] AppArmor: AppArmor Filesystem Enabled
[    0.719917] pnp: PnP ACPI init
[    0.720893] pnp: PnP ACPI: found 3 devices
[    0.728503] clocksource: acpi_pm: mask: 0xffffff max_cycles: 0xffffff, max_idle_ns: 2085701024 ns
[    0.730860] NET: Registered protocol family 2
[    0.731557] TCP established hash table entries: 16384 (order: 5, 131072 bytes)
[    0.732567] TCP bind hash table entries: 16384 (order: 6, 262144 bytes)
[    0.733375] TCP: Hash tables configured (established 16384 bind 16384)
[    0.734234] UDP hash table entries: 1024 (order: 3, 32768 bytes)
[    0.741771] UDP-Lite hash table entries: 1024 (order: 3, 32768 bytes)
[    0.742584] NET: Registered protocol family 1
[    0.743173] pci 0000:00:00.0: Limiting direct PCI/PCI transfers
[    0.743925] pci 0000:00:01.0: Activating ISA DMA hang workarounds
[    0.744819] Unpacking initramfs...
[    2.072501] Freeing initrd memory: 10824K (ffff880036acc000 - ffff88003755e000)
[    2.079501] RAPL PMU detected, API unit is 2^-32 Joules, 4 fixed counters 10737418240 ms ovfl timer
[    2.080655] hw unit of domain pp0-core 2^-0 Joules
[    2.081277] hw unit of domain package 2^-0 Joules
[    2.087824] hw unit of domain dram 2^-0 Joules
[    2.088408] hw unit of domain pp1-gpu 2^-0 Joules
[    2.089083] platform rtc_cmos: registered platform RTC device (no PNP device found)
[    2.090130] Scanning for low memory corruption every 60 seconds
[    2.091136] audit: initializing netlink subsys (disabled)
[    2.091822] audit: type=2000 audit(1495792597.903:1): initialized
[    2.092743] Initialise system trusted keyring
[    2.093528] HugeTLB registered 2 MB page size, pre-allocated 0 pages
[    2.095296] zbud: loaded
[    2.104377] VFS: Disk quotas dquot_6.6.0
[    2.111893] VFS: Dquot-cache hash table entries: 512 (order 0, 4096 bytes)
[    2.112880] squashfs: version 4.0 (2009/01/31) Phillip Lougher
[    2.113793] fuse init (API version 7.23)
[    2.114508] Key type big_key registered
[    2.125870] Allocating IMA MOK and blacklist keyrings.
[    2.127253] Key type asymmetric registered
[    2.127810] Asymmetric key parser 'x509' registered
[    2.128582] Block layer SCSI generic (bsg) driver version 0.4 loaded (major 249)
[    2.129626] io scheduler noop registered
[    2.130166] io scheduler deadline registered (default)
[    2.137363] io scheduler cfq registered
[    2.137961] pci_hotplug: PCI Hot Plug PCI Core version: 0.5
[    2.143983] pciehp: PCI Express Hot Plug Controller Driver version: 0.4
[    2.156840] ACPI: AC Adapter [AC] (on-line)
[    2.157447] input: Power Button as /devices/LNXSYSTM:00/LNXPWRBN:00/input/input0
[    2.158455] ACPI: Power Button [PWRF]
[    2.159038] input: Sleep Button as /devices/LNXSYSTM:00/LNXSLPBN:00/input/input1
[    2.160033] ACPI: Sleep Button [SLPF]
[    2.160672] GHES: HEST is not enabled!
[    2.161279] Serial: 8250/16550 driver, 32 ports, IRQ sharing enabled
[    2.183693] 00:02: ttyS0 at I/O 0x3f8 (irq = 4, base_baud = 115200) is a 16550A
[    2.188051] Linux agpgart interface v0.103
[    2.192703] loop: module loaded
[    2.203309] scsi host0: ata_piix
[    2.203886] scsi host1: ata_piix
[    2.204392] ata1: PATA max UDMA/33 cmd 0x1f0 ctl 0x3f6 bmdma 0xd000 irq 14
[    2.214154] ata2: PATA max UDMA/33 cmd 0x170 ctl 0x376 bmdma 0xd008 irq 15
[    2.223015] libphy: Fixed MDIO Bus: probed
[    2.223622] tun: Universal TUN/TAP device driver, 1.6
[    2.230499] tun: (C) 1999-2004 Max Krasnyansky <maxk@qualcomm.com>
[    2.231323] PPP generic driver version 2.4.2
[    2.231963] ehci_hcd: USB 2.0 'Enhanced' Host Controller (EHCI) Driver
[    2.232742] ehci-pci: EHCI PCI platform driver
[    2.233332] ehci-platform: EHCI generic platform driver
[    2.234035] ohci_hcd: USB 1.1 'Open' Host Controller (OHCI) Driver
[    2.239835] ohci-pci: OHCI PCI platform driver
[    2.240429] ohci-platform: OHCI generic platform driver
[    2.241092] uhci_hcd: USB Universal Host Controller Interface driver
[    2.241917] i8042: PNP: PS/2 Controller [PNP0303:PS2K,PNP0f03:PS2M] at 0x60,0x64 irq 1,12
[    2.243361] serio: i8042 KBD port at 0x60,0x64 irq 1
[    2.246982] serio: i8042 AUX port at 0x60,0x64 irq 12
[    2.247745] mousedev: PS/2 mouse device common for all mice
[    2.248647] input: AT Translated Set 2 keyboard as /devices/platform/i8042/serio0/input/input2
[    2.250135] rtc_cmos rtc_cmos: rtc core: registered rtc_cmos as rtc0
[    2.250938] rtc_cmos rtc_cmos: alarms up to one day, 114 bytes nvram
[    2.251707] i2c /dev entries driver
[    2.252244] device-mapper: uevent: version 1.0.3
[    2.252921] device-mapper: ioctl: 4.34.0-ioctl (2015-10-28) initialised: dm-devel@redhat.com
[    2.254031] ledtrig-cpu: registered to indicate activity on CPUs
[    2.261049] NET: Registered protocol family 10
[    2.261762] NET: Registered protocol family 17
[    2.262414] Key type dns_resolver registered
[    2.263110] microcode: CPU0 sig=0x306c3, pf=0x40, revision=0x0
[    2.263851] microcode: CPU1 sig=0x306c3, pf=0x40, revision=0x0
[    2.264707] microcode: Microcode Update Driver: v2.01 <tigran@aivazian.fsnet.co.uk>, Peter Oruba
[    2.266072] registered taskstats version 1
[    2.266638] Loading compiled-in X.509 certificates
[    2.271254] Loaded X.509 cert 'Build time autogenerated kernel key: 779fd75203f0d36b99b83c7328fac831ec7adf9e'
[    2.281513] zswap: loaded using pool lzo/zbud
[    2.283104] Key type trusted registered
[    2.285475] Key type encrypted registered
[    2.287422] AppArmor: AppArmor sha1 policy hashing enabled
[    2.288117] ima: No TPM chip found, activating TPM-bypass!
[    2.288837] evm: HMAC attrs: 0x1
[    2.289523]   Magic number: 1:791:930
[    2.290115] rtc_cmos rtc_cmos: setting system clock to 2017-05-26 09:56:34 UTC (1495792594)
[    2.291285] BIOS EDD facility v0.16 2004-Jun-25, 0 devices found
[    2.292021] EDD information not available.
[    2.379167] Freeing unused kernel memory: 1484K (ffffffff81f45000 - ffffffff820b8000)
[    2.386054] Write protecting the kernel read-only data: 14336k
[    2.398534] Freeing unused kernel memory: 1760K (ffff880001848000 - ffff880001a00000)
[    2.399958] Freeing unused kernel memory: 112K (ffff880001de4000 - ffff880001e00000)
Loading, please [    2.410352] random: systemd-udevd: uninitialized urandom read (16 bytes read, 2 bits of entropy available)
wait...
starting version 229
[    2.410872] random: udevadm: uninitialized urandom read (16 bytes read, 2 bits of entropy available)
[    2.410918] random: udevadm: uninitialized urandom read (16 bytes read, 2 bits of entropy available)
[    2.411072] random: udevadm: uninitialized urandom read (16 bytes read, 2 bits of entropy available)
[    2.411115] random: udevadm: uninitialized urandom read (16 bytes read, 2 bits of entropy available)
[    2.411156] random: udevadm: uninitialized urandom read (16 bytes read, 2 bits of entropy available)
[    2.411195] random: udevadm: uninitialized urandom read (16 bytes read, 2 bits of entropy available)
[    2.411232] random: udevadm: uninitialized urandom read (16 bytes read, 2 bits of entropy available)
[    2.411271] random: udevadm: uninitialized urandom read (16 bytes read, 2 bits of entropy available)
[    2.411307] random: udevadm: uninitialized urandom read (16 bytes read, 2 bits of entropy available)
[    2.441298] e1000: Intel(R) PRO/1000 Network Driver - version 7.3.21-k8-NAPI
[    2.448326] e1000: Copyright (c) 1999-2006 Intel Corporation.
[    2.451303] Fusion MPT base driver 3.04.20
[    2.454447] Copyright (c) 1999-2008 LSI Corporation
[    2.459860] Fusion MPT SPI Host driver 3.04.20
[    2.480557] AVX version of gcm_enc/dec engaged.
[    2.487219] AES CTR mode by8 optimization enabled
[    2.689203] input: ImExPS/2 Generic Explorer Mouse as /devices/platform/i8042/serio1/input/input4
[    2.808448] e1000 0000:00:03.0 eth0: (PCI:33MHz:32-bit) 02:4d:de:70:67:1e
[    2.831269] e1000 0000:00:03.0 eth0: Intel(R) PRO/1000 Network Connection
[    2.832590] mptbase: ioc0: Initiating bringup
[    2.832699] e1000 0000:00:03.0 enp0s3: renamed from eth0
[    2.902592] ioc0: LSI53C1030 A0: Capabilities={Initiator}
[    3.070749] scsi host2: ioc0: LSI53C1030 A0, FwRev=00000000h, Ports=1, MaxQ=256, IRQ=20
[    3.086041] tsc: Refined TSC clocksource calibration: 3789.990 MHz
[    3.097674] clocksource: tsc: mask: 0xffffffffffffffff max_cycles: 0x6d42d0256e8, max_idle_ns: 881590799372 ns
[    3.190372] scsi 2:0:0:0: Direct-Access     VBOX     HARDDISK         1.0  PQ: 0 ANSI: 5
[    3.204589] scsi target2:0:0: Beginning Domain Validation
[    3.212730] scsi target2:0:0: Domain Validation skipping write tests
[    3.213520] scsi target2:0:0: Ending Domain Validation
[    3.214299] scsi target2:0:0: asynchronous
[    3.221507] scsi 2:0:1:0: Direct-Access     VBOX     HARDDISK         1.0  PQ: 0 ANSI: 5
[    3.222808] scsi target2:0:1: Beginning Domain Validation
[    3.224257] scsi target2:0:1: Domain Validation skipping write tests
[    3.225351] scsi target2:0:1: Ending Domain Validation
[    3.226167] scsi target2:0:1: asynchronous
[    3.230546] sd 2:0:0:0: Attached scsi generic sg0 type 0
[    3.237882] sd 2:0:0:0: [sda] 20971520 512-byte logical blocks: (10.7 GB/10.0 GiB)
[    3.256231] sd 2:0:1:0: Attached scsi generic sg1 type 0
[    3.258105] sd 2:0:1:0: [sdb] 20480 512-byte logical blocks: (10.5 MB/10.0 MiB)
[    3.259225] sd 2:0:0:0: [sda] Write Protect is off
[    3.259906] sd 2:0:1:0: [sdb] Write Protect is off
[    3.260575] sd 2:0:0:0: [sda] Incomplete mode parameter data
[    3.261286] sd 2:0:0:0: [sda] Assuming drive cache: write through
[    3.262525] sd 2:0:1:0: [sdb] Incomplete mode parameter data
[    3.262526] sd 2:0:1:0: [sdb] Assuming drive cache: write through
[    3.276699]  sda: sda1
[    3.278670] sd 2:0:0:0: [sda] Attached SCSI disk
[    3.279306] sd 2:0:1:0: [sdb] Attached SCSI disk
[    5.490315] floppy0: no floppy controllers found
Begin: Loading essential drivers ... [    6.745617] md: linear personality registered for level -1
[    6.753600] md: multipath personality registered for level -4
[    6.773652] md: raid0 personality registered for level 0
[    6.782100] md: raid1 personality registered for level 1
[    6.858477] raid6: sse2x1   gen() 11674 MB/s
[    6.934031] raid6: sse2x1   xor()  9017 MB/s
[    7.002036] raid6: sse2x2   gen() 13667 MB/s
[    7.074045] raid6: sse2x2   xor()  9907 MB/s
[    7.146038] raid6: sse2x4   gen() 17116 MB/s
[    7.218032] raid6: sse2x4   xor() 11890 MB/s
[    7.225998] raid6: using algorithm sse2x4 gen() 17116 MB/s
[    7.226715] raid6: .... xor() 11890 MB/s, rmw enabled
[    7.227359] raid6: using ssse3x2 recovery algorithm
[    7.230527] xor: automatically using best checksumming function:
[    7.270527]    avx       : 26251.000 MB/sec
[    7.273995] async_tx: api initialized (async)
[    7.286971] md: raid6 personality registered for level 6
[    7.293743] md: raid5 personality registered for level 5
[    7.295618] md: raid4 personality registered for level 4
[    7.299496] md: raid10 personality registered for level 10
done.
Begin: Running /scripts/init-premount ... done.
Begin: Mounting root file system ... Begin: Running /scripts/local-top ... done.
Begin: Running /scripts/local-premount ... [    7.318896] Btrfs loaded
Scanning for Btrfs filesystems
done.
Warning: fsck not present, so skipping root file system
[    7.362804] EXT4-fs (sda1): mounted filesystem with ordered data mode. Opts: (null)
done.
Begin: Running /scripts/local-bottom ... done.
Begin: Running /scripts/init-bottom ... done.
[    7.676022] systemd[1]: systemd 229 running in system mode. (+PAM +AUDIT +SELINUX +IMA +APPARMOR +SMACK +SYSVINIT +UTMP +LIBCRYPTSETUP +GCRYPT +GNUTLS +ACL +XZ -LZ4 +SECCOMP +BLKID +ELFUTILS +KMOD -IDN)
[    7.679758] systemd[1]: Detected virtualization oracle.
[    7.680435] systemd[1]: Detected architecture x86-64.

Welcome to [1mUbuntu 16.04.2 LTS[0m!

[    7.690493] systemd[1]: Set hostname to <ubuntu>.
[    7.705240] systemd[1]: Initializing machine ID from random generator.
[    7.710843] systemd[1]: Installed transient /etc/machine-id file.
[    7.946638] systemd[1]: Reached target Encrypted Volumes.
[[0;32m  OK  [0m] Reached target Encrypted Volumes.
[    7.954497] systemd[1]: Listening on Journal Socket (/dev/log).
[[0;32m  OK  [0m] Listening on Journal Socket (/dev/log).
[    7.977819] systemd[1]: Listening on udev Control Socket.
[[0;32m  OK  [0m] Listening on udev Control Socket.
[    7.979420] systemd[1]: Listening on LVM2 poll daemon socket.
[[0;32m  OK  [0m] Listening on LVM2 poll daemon socket.
[    7.981115] systemd[1]: Set up automount Arbitrary Executable File Formats File System Automount Point.
[[0;32m  OK  [0m] Set up automount Arbitrary Executab...ats File System Automount Point.
[    7.983474] systemd[1]: Listening on Journal Audit Socket.
[[0;32m  OK  [0m] Listening on Journal Audit Socket.
[    8.010083] systemd[1]: Created slice User and Session Slice.
[[0;32m  OK  [0m] Created slice User and Session Slice.
[    8.011768] systemd[1]: Listening on Device-mapper event daemon FIFOs.
[[0;32m  OK  [0m] Listening on Device-mapper event daemon FIFOs.
[    8.013494] systemd[1]: Listening on udev Kernel Socket.
[[0;32m  OK  [0m] Listening on udev Kernel Socket.
[    8.038975] systemd[1]: Started Trigger resolvconf update for networkd DNS.
[[0;32m  OK  [0m] Started Trigger resolvconf update for networkd DNS.
[    8.040847] systemd[1]: Listening on Journal Socket.
[[0;32m  OK  [0m] Listening on Journal Socket.
[    8.042354] systemd[1]: Reached target Swap.
[[0;32m  OK  [0m] Reached target Swap.
[    8.043721] systemd[1]: Listening on LVM2 metadata daemon socket.
[[0;32m  OK  [0m] Listening on LVM2 metadata daemon socket.
[    8.045404] systemd[1]: Listening on /dev/initctl Compatibility Named Pipe.
[[0;32m  OK  [0m] Listening on /dev/initctl Compatibility Named Pipe.
[    8.047245] systemd[1]: Started Forward Password Requests to Wall Directory Watch.
[[0;32m  OK  [0m] Started Forward Password Requests to Wall Directory Watch.
[    8.049411] systemd[1]: Created slice System Slice.
[[0;32m  OK  [0m] Created slice System Slice.
[    8.070213] systemd[1]: Starting Load Kernel Modules...
         Starting Load Kernel Modules...
[    8.072052] systemd[1]: Mounting Huge Pages File System...
         Mounting Huge Pages File System...
[    8.073857] systemd[1]: Mounting Debug File System...
         Mounting Debug File System...
[    8.078523] systemd[1]: Starting Uncomplicated firewall...
         Startin[    8.106399] Loading iSCSI transport class v2.0-870.
g Uncomplicated firewall...
[    8.112604] systemd[1]: Created slice system-serial\x2dgetty.slice.
[[0;32m  OK  [0m] Created slice system-serial\x2dgetty.slice.
[    8.115745] systemd[1]: Reached target Slices.
[[0;32m  OK  [0m] Reached target Slices.
[    8.120977] iscsi: registered transport (tcp)
[    8.134222] systemd[1]: Starting Create list of required static device nodes for the current kernel...
         Startin[    8.157600] iscsi: registered transport (iser)
g Create list of required st... nodes for the current kernel...
[    8.234194] systemd[1]: Mounting POSIX Message Queue File System...
         Mounting POSIX Message Queue File System...
[    8.274233] systemd[1]: Starting Set console keymap...
         Starting Set console keymap...
[    8.314260] systemd[1]: Starting Nameserver information manager...
         Starting Nameserver information manager...
[    8.366233] systemd[1]: Starting Remount Root and Kernel File Systems...
         Starting Remount Root and Kernel File Systems...
[    8.374580] systemd[1]: Starting Monitoring of LVM2 mirrors, snapshots etc. using dmeventd or progress polling...
[    8.376689] EXT4-fs (sda1): re-mounted. Opts: (null)
         Starting Monitoring of LVM2 mirrors... dmeventd or progress polling...
[    8.431979] systemd[1]: Reached target User and Group Name Lookups.
[[0;32m  OK  [0m] Reached target User and Group Name Lookups.
[    8.458087] systemd[1]: Listening on Syslog Socket.
[[0;32m  OK  [0m] Listening on Syslog Socket.
[    8.494260] systemd[1]: Starting Journal Service...
         Starting Journal Service...
[    8.519281] systemd[1]: Mounted Debug File System.
[[0;32m  OK  [0m] Mounted Debu[    8.526576] random: nonblocking pool is initialized
g File System.
[    8.550362] systemd[1]: Mounted Huge Pages File System.
[[0;32m  OK  [0m] Mounted Huge Pages File System.
[    8.574500] systemd[1]: Mounted POSIX Message Queue File System.
[[0;32m  OK  [0m] Mounted POSIX Message Queue File System.
[    8.630398] systemd[1]: Started Journal Service.
[[0;32m  OK  [0m] Started Journal Service.
[[0;32m  OK  [0m] Started Load Kernel Modules.
[[0;32m  OK  [0m] Started Uncomplicated firewall.
[[0;32m  OK  [0m] Started Create list of required sta...ce nodes for the current kernel.
[[0;32m  OK  [0m] Started Set console keymap.
[[0;32m  OK  [0m] Started Remount Root and Kernel File Systems.
[[0;32m  OK  [0m] Started Nameserver information manager.
[[0;32m  OK  [0m] Started LVM2 metadata daemon.
         Starting Load/Save Random Seed...
         Starting Initial cloud-init job (pre-networking)...
         Starting udev Coldplug all Devices...
         Starting Create Static Device Nodes in /dev...
         Starting Apply Kernel Variables...
         Mounting FUSE Control File System...
         Starting Flush Journal to Persistent Storage...
[[0;32m  OK  [0m] Mounted FUSE Control File System.
[[0;32m  OK  [0m] Started Load/Save Random Seed.
[[0;32m  OK  [0m] Started udev Coldplug all Devices.
[    9.015590] systemd-journald[413]: Received request to flush runtime journal from PID 1
[[0;32m  OK  [0m] Started Create Static Device Nodes in /dev.
         Starting udev Kernel Device Manager...
[[0;32m  OK  [0m] Started Apply Kernel Variables.
[[0;32m  OK  [0m] Started Flush Journal to Persistent Storage.
[[0;32m  OK  [0m] Started udev Kernel Device Manager.
[[0;32m  OK  [0m] Started Dispatch Password Requests to Console Directory Watch.
[[0;32m  OK  [0m] Found device /dev/ttyS0.
[[0;32m  OK  [0m] Started Monitoring of LVM2 mirrors,...ng dmeventd or progress polling.
[[0;32m  OK  [0m] Reached target Local File Systems (Pre).
[[0;32m  OK  [0m] Reached target Local File Systems.
         Starting Commit a transient machine-id on disk...
         Starting Set console font and keymap...
         Starting Tell Plymouth To Write Out Runtime Data...
         Starting LSB: AppArmor initialization...
         Starting Create Volatile Files and Directories...
[[0;32m  OK  [0m] Started Create Volatile Files and Directories.
         Starting Update UTMP about System Boot/Shutdown...
[[0;32m  OK  [0m] Reached target System Time Synchronized.
[[0;32m  OK  [0m] Started Commit a transient machine-id on disk.
[[0;32m  OK  [0m] Started Tell Plymouth To Write Out Runtime Data.
[[0;32m  OK  [0m] Started Update UTMP about System Boot/Shutdown.
[[0;32m  OK  [0m] Listening on Load/Save RF Kill Switch Status /dev/rfkill Watch.
[[0;32m  OK  [0m] Started LSB: AppArmor initialization.
[[0;32m  OK  [0m] Started Set console font and keymap.
[[0;32m  OK  [0m] Created slice system-getty.slice.
[   11.112482] cloud-init[445]: Cloud-init v. 0.7.9 running 'init-local' at Fri, 26 May 2017 09:56:43 +0000. Up 10.84 seconds.
[[0;32m  OK  [0m] Started Initial cloud-init job (pre-networking).
[[0;32m  OK  [0m] Reached target Network (Pre).
         Starting Raise network interfaces...
[[0;32m  OK  [0m] Started Raise network interfaces.
[[0;32m  OK  [0m] Reached target Network.
         Starting Initial cloud-init job (metadata service crawler)...
[   13.173598] cloud-init[934]: Cloud-init v. 0.7.9 running 'init' at Fri, 26 May 2017 09:56:45 +0000. Up 12.38 seconds.
[   13.200448] cloud-init[934]: ci-info: +++++++++++++++++++++++++++++++++++++Net device info++++++++++++++++++++++++++++++++++++++
[   13.201847] cloud-init[934]: ci-info: +--------+------+----------------------------+---------------+-------+-------------------+
[   13.203232] cloud-init[934]: ci-info: | Device |  Up  |          Address           |      Mask     | Scope |     Hw-Address    |
[   13.204658] cloud-init[934]: ci-info: +--------+------+----------------------------+---------------+-------+-------------------+
[   13.206036] cloud-init[934]: ci-info: |   lo   | True |         127.0.0.1          |   255.0.0.0   |   .   |         .         |
[   13.207439] cloud-init[934]: ci-info: |   lo   | True |          ::1/128           |       .       |  host |         .         |
[   13.211382] cloud-init[934]: ci-info: | enp0s3 | True |         10.0.2.15          | 255.255.255.0 |   .   | 02:4d:de:70:67:1e |
[   13.212805] cloud-init[934]: ci-info: | enp0s3 | True | fe80::4d:deff:fe70:671e/64 |       .       |  link | 02:4d:de:70:67:1e |
[   13.214196] cloud-init[934]: ci-info: +--------+------+----------------------------+---------------+-------+-------------------+
[   13.215678] cloud-init[934]: ci-info: +++++++++++++++++++++++++++Route IPv4 info++++++++++++++++++++++++++++
[   13.248457] cloud-init[934]: ci-info: +-------+-------------+----------+---------------+-----------+-------+
[   13.248713] cloud-init[934]: ci-info: | Route | Destination | Gateway  |    Genmask    | Interface | Flags |
[[0;32m  OK  [0m] Started Initial cloud-init job (metadata service crawler).
[   13.248875] cloud-init[934]: ci-info: +-------+-------------+----------+---------------+-----------+-------+
[   13.282601] cloud-init[934]: ci-info: |   0   |   0.0.0.0   | 10.0.2.2 |    0.0.0.0    |   enp0s3  |   UG  |
[   13.282785] cloud-init[934]: ci-info: |   1   |   10.0.2.0  | 0.0.0.0  | 255.255.255.0 |   enp0s3  |   U   |
[   13.282890] cloud-init[934]: ci-info: +-------+-------------+----------+---------------+-----------+-------+
[   13.282997] cloud-init[934]: Generating public/private rsa key pair.
[   13.283095] cloud-init[934]: Your identification has been saved in /etc/ssh/ssh_host_rsa_key.
[   13.283200] cloud-init[934]: Your public key has been saved in /etc/ssh/ssh_host_rsa_key.pub.
[   13.283303] cloud-init[934]: The key fingerprint is:
[   13.283422] cloud-init[934]: SHA256:j9d1jUjRG0IOgHHixu/E39aMopIaLQSIHgxVyTG8rds root@ubuntu-xenial
[   13.283521] cloud-init[934]: The key's randomart image is:
[   13.283628] cloud-init[934]: +---[RSA 2048]----+
[   13.283732] cloud-init[934]: |...++oooo...o.   |
[   13.283842] cloud-init[934]: |+.  ++.o   o..o  |
[   13.283942] cloud-init[934]: |oo.  o+     o. o |
[   13.284160] cloud-init[934]: |. .....o   . ....|
[   13.284260] cloud-init[934]: | .  ..  S   . o o|
[   13.284375] cloud-init[934]: |   ... o + o = . |
[   13.284475] cloud-init[934]: |    oo..o = = o  |
[   13.284579] cloud-init[934]: |    .oE  o o     |
[   13.284685] cloud-init[934]: |    .. ..        |
[   13.284790] cloud-init[934]: +----[SHA256]-----+
[   13.284911] cloud-init[934]: Generating public/private dsa key pair.
[   13.285014] cloud-init[934]: Your identification has been saved in /etc/ssh/ssh_host_dsa_key.
[   13.285117] cloud-init[934]: Your public key has been saved in /etc/ssh/ssh_host_dsa_key.pub.
[   13.285222] cloud-init[934]: The key fingerprint is:
[   13.285337] cloud-init[934]: SHA256:CdsoRo5v8qIHIr86lpcklqlha6rlPWfID31Mx1pEr7I root@ubuntu-xenial
[   13.285442] cloud-init[934]: The key's randomart image is:
[   13.285546] cloud-init[934]: +---[DSA 1024]----+
[   13.285652] cloud-init[934]: |          .      |
[   13.285756] cloud-init[934]: |         . .     |
[   13.285871] cloud-init[934]: |    . .   . .    |
[   13.285970] cloud-init[934]: |   +   = + .     |
[   13.286075] cloud-init[934]: |  + + o S =      |
[   13.286180] cloud-init[934]: |=* + o o *       |
[   13.286284] cloud-init[934]: |*+B.=.. E        |
[   13.286399] cloud-init[934]: |oB+B+.o.         |
[   13.286499] cloud-init[934]: |X=+oo=.          |
[   13.286604] cloud-init[934]: +----[SHA256]-----+
[   13.286708] cloud-init[934]: Generating public/private ecdsa key pair.
[   13.286825] cloud-init[934]: Your identification has been saved in /etc/ssh/ssh_host_ecdsa_key.
[   13.286921] cloud-init[934]: Your public key has been saved in /etc/ssh/ssh_host_ecdsa_key.pub.
[   13.287023] cloud-init[934]: The key fingerprint is:
[   13.287127] cloud-init[934]: SHA256:lH+rfHggSn13KJ3z4rJZqEDyx0mRnAqPEpVjLyo/2Cs root@ubuntu-xenial
[   13.287233] cloud-init[934]: The key's randomart image is:
[   13.287342] cloud-init[934]: +---[ECDSA 256]---+
[   13.287447] cloud-init[934]: |    ..           |
[   13.287550] cloud-init[934]: |   .+  . +       |
[   13.287655] cloud-init[934]: |  ...o  B        |
[   13.287760] cloud-init[934]: |   ..+.o o       |
[   13.287870] cloud-init[934]: |  ..o.+.S ...o   |
[   13.287971] cloud-init[934]: |. .. +.oo.+o*..  |
[   13.288188] cloud-init[934]: | =   .o.+o.=o+   |
[   13.288287] cloud-init[934]: |E +   .o oo++ .  |
[   13.288403] cloud-init[934]: | ..o    . =*..   |
[   13.288508] cloud-init[934]: +----[SHA256]-----+
[[0;32m  OK  [0m] Reached target System Initialization.
[   13.288528] cloud-init[934]: Generating public/private ed25519 key pair.
[[0;32m  OK  [0m] Listening on D-Bus System Message Bus Socket.
[   13.288643] cloud-init[934]: Your identification has been saved in /etc/ssh/ssh_host_ed25519_key.
[   13.321550] cloud-init[934]: Your public key has been saved in /etc/ssh/ssh_host_ed25519_key.pub.
[   13.321637] cloud-init[934]: The key fingerprint is:
[   13.321741] cloud-init[934]: SHA256:CnAvncYe/KrXex011sLp6PM5hY41jwgN0+eQ0ZKwTqM root@ubuntu-xenial
[   13.321853] cloud-init[934]: The key's randomart image is:
[   13.321954] cloud-init[934]: +--[ED25519 256]--+
[   13.322061] cloud-init[934]: |          .. o   |
[   13.322171] cloud-init[934]: |           .+ .  |
[   13.322274] cloud-init[934]: |  . .     +. = o |
[   13.322422] cloud-init[934]: |   o = . +o.+ O .|
[   13.322742] cloud-init[934]: |    o O E .+ O + |
[   13.322858] cloud-init[934]: |     = +  . + * .|
[   13.322971] cloud-init[934]: |      o..  + * = |
[   13.323090] cloud-init[934]: |      ... . * +..|
[   13.323394] cloud-init[934]: |    .o. .o   oo. |
[   13.323468] cloud-init[934]: +----[SHA256]-----+
[[0;32m  OK  [0m] Started Daily Cleanup of Temporary Directories.
         Starting LXD - unix socket.
         Starting Socket activation for snappy daemon.
[[0;32m  OK  [0m] Started Timer to automatically refresh installed snaps.
[[0;32m  OK  [0m] Listening on UUID daemon activation socket.
[[0;32m  OK  [0m] Listening on ACPID Listen Socket.
[[0;32m  OK  [0m] Started Daily apt activities.
[[0;32m  OK  [0m] Reached target Timers.
[[0;32m  OK  [0m] Started ACPI Events Check.
[[0;32m  OK  [0m] Reached target Paths.
[[0;32m  OK  [0m] Reached target Cloud-config availability.
[[0;32m  OK  [0m] Reached target Network is Online.
         Starting iSCSI initiator daemon (iscsid)...
[[0;32m  OK  [0m] Listening on LXD - unix socket.
[[0;32m  OK  [0m] Listening on Socket activation for snappy daemon.
[[0;32m  OK  [0m] Reached target Sockets.
[[0;32m  OK  [0m] Reached target Basic System.
[[0;32m  OK  [0m] Started D-Bus System Message Bus.
         Starting LSB: Record successful boot for GRUB...
         Starting System Logging Service...
         Starting Apply the settings specified in cloud-config...
[[0;32m  OK  [0m] Started Unattended Upgrades Shutdown.
         Starting Pollinate to seed the pseudo random number generator...
         Starting LXD - container startup/shutdown...
         Starting /etc/rc.local Compatibility...
[[0;32m  OK  [0m] Started Deferred execution scheduler.
[[0;32m  OK  [0m] Started Snappy daemon.
         Starting Auto import assertions from block devices...
[[0;32m  OK  [0m] Started ACPI event daemon.
         Starting LSB: MD monitoring daemon...
[[0;32m  OK  [0m] Started Regular background program processing daemon.
[[0;32m  OK  [0m] Started FUSE filesystem for LXC.
         Starting Accounts Service...
         Starting Login Service...
[[0;32m  OK  [0m] Started /etc/rc.local Compatibility.
[[0;32m  OK  [0m] Started Auto import assertions from block devices.
[[0;32m  OK  [0m] Started System Logging Service.
[[0;32m  OK  [0m] Started Login Service.
[[0;32m  OK  [0m] Started iSCSI initiator daemon (iscsid).
         Starting Login to default iSCSI targets...
[[0;32m  OK  [0m] Started LSB: Record successful boot for GRUB.
[[0;32m  OK  [0m] Started LSB: MD monitoring daemon.
[[0;32m  OK  [0m] Started Login to default iSCSI targets.
[[0;32m  OK  [0m] Reached target Remote File Systems (Pre).
[[0;32m  OK  [0m] Reached target Remote File Systems.
[   14.065760] cloud-init[1032]: Generating locales (this might take a while)...
         Starting LSB: VirtualBox Linux Additions...
         Starting LSB: daemon to balance interrupts for SMP systems...
         Starting Permit User Sessions...
         Starting LSB: Set the CPU Frequency Scaling governor to "ondemand"...
         Starting LSB: automatic crash report generation...
[[0;32m  OK  [0m] Started Permit User Sessions.
         Starting Hold until boot process finishes up...
         Starting Terminate Plymouth Boot Screen...
[[0;32m  OK  [0m] Started LSB: Set the CPU Frequency Scaling governor to "ondemand".
[[0;32m  OK  [0m] Started Hold until boot process finishes up.
         Starting Set console scheme...
[[0;32m  OK  [0m] Started Getty on tty1.
[[0;32m  OK  [0m] Started Serial Getty on ttyS0.
[[0;32m  OK  [0m] Reached target Login Prompts.
[[0;32m  OK  [0m] Started Terminate Plymouth Boot Screen.
[[0;32m  OK  [0m] Started LSB: automatic crash report generation.
[[0;32m  OK  [0m] Started LSB: daemon to balance interrupts for SMP systems.
[[0;32m  OK  [0m] Started Set console scheme.
         Starting Authenticate and Authorize Users to Run Privileged Tasks...
[[0;32m  OK  [0m] Started LSB: VirtualBox Linux Additions.
[[0;32m  OK  [0m] Started Authenticate and Authorize Users to Run Privileged Tasks.
[[0;32m  OK  [0m] Started Accounts Service.
[[0;32m  OK  [0m] Started LXD - container startup/shutdown.
[   15.227958] cloud-init[1032]:   en_US.UTF-8... done
[   15.268300] cloud-init[1032]: Generation complete.
[[0;32m  OK  [0m] Stopped OpenBSD Secure Shell server.
         Starting OpenBSD Secure Shell server...
[[0;32m  OK  [0m] Started OpenBSD Secure Shell server.
[[0;32m  OK  [0m] Started Pollinate to seed the pseudo random number generator.
[[0;32m  OK  [0m] Reached target Multi-User System.
[[0;32m  OK  [0m] Reached target Graphical Interface.
         Starting Update UTMP about System Runlevel Changes...
[[0;32m  OK  [0m] Started Update UTMP about System Runlevel Changes.
[   15.871779] cloud-init[1032]: Cloud-init v. 0.7.9 running 'modules:config' at Fri, 26 May 2017 09:56:46 +0000. Up 13.68 seconds.
[[0;32m  OK  [0m] Started Apply the settings specified in cloud-config.
         Starting Execute cloud user/final scripts...
ci-info: no authorized ssh keys fingerprints found for user ubuntu.
<14>May 26 09:56:48 ec2: 
<14>May 26 09:56:48 ec2: #############################################################
<14>May 26 09:56:48 ec2: -----BEGIN SSH HOST KEY FINGERPRINTS-----
<14>May 26 09:56:48 ec2: 1024 SHA256:CdsoRo5v8qIHIr86lpcklqlha6rlPWfID31Mx1pEr7I root@ubuntu-xenial (DSA)
<14>May 26 09:56:48 ec2: 256 SHA256:lH+rfHggSn13KJ3z4rJZqEDyx0mRnAqPEpVjLyo/2Cs root@ubuntu-xenial (ECDSA)
<14>May 26 09:56:48 ec2: 256 SHA256:CnAvncYe/KrXex011sLp6PM5hY41jwgN0+eQ0ZKwTqM root@ubuntu-xenial (ED25519)
<14>May 26 09:56:48 ec2: 2048 SHA256:j9d1jUjRG0IOgHHixu/E39aMopIaLQSIHgxVyTG8rds root@ubuntu-xenial (RSA)
<14>May 26 09:56:48 ec2: -----END SSH HOST KEY FINGERPRINTS-----
<14>May 26 09:56:48 ec2: #############################################################
-----BEGIN SSH HOST KEY KEYS-----
ecdsa-sha2-nistp256 AAAAE2VjZHNhLXNoYTItbmlzdHAyNTYAAAAIbmlzdHAyNTYAAABBBMdoAzYZlRpA2C6EX3se1911LweJ1NZVm+Pir0fCS4u0czOwUWw1EKishXJ9xN/+k1MzX983hWjFtyIGqCtpVVg= root@ubuntu-xenial
ssh-ed25519 AAAAC3NzaC1lZDI1NTE5AAAAIGfPC1iLuxdsd5yuDOl48K9E6DLo2MBcfClQfDgCOP7t root@ubuntu-xenial
ssh-rsa AAAAB3NzaC1yc2EAAAADAQABAAABAQDHJvf0rAj/7mjKzibGGLkEwikXhG/ryU/xTCcsmbhxpRAPpFONdQ1LFANURKUTdDHPgz03k0Io9Atk5HNzV/aNUkRwk+Cy+TKHF0FHVLZRbYzFnEGIRMxU2rshuYfW3+VvsP5YBzZNRS4/4umcBQB6nFWUeQ4NOk8eE7CR7QzqzJN9CYTi30s4dLNXQg2KxPtUny/OGgaMvloqQiEcNU5scCDx2uHV0xLJ2Fk8XMew2EvHspQ1LLOa71wIFoOfmYTpat0QLwlZDW+CUqozROcCPFHfU4DhegQcJU6yRLtF31Me2MsdXJ+5p3JQXPRbLEO3uY2VJ80nAMWlvChcSIAJ root@ubuntu-xenial
-----END SSH HOST KEY KEYS-----
[   16.349105] cloud-init[1302]: Cloud-init v. 0.7.9 running 'modules:final' at Fri, 26 May 2017 09:56:48 +0000. Up 16.13 seconds.
[   16.350598] cloud-init[1302]: ci-info: no authorized ssh keys fingerprints found for user ubuntu.
[   16.351789] cloud-init[1302]: Cloud-init v. 0.7.9 finished at Fri, 26 May 2017 09:56:48 +0000. Datasource DataSourceNoCloud [seed=/dev/sdb][dsmode=net].  Up 16.34 seconds
[[0;32m  OK  [0m] Started Execute cloud user/final scripts.
[[0;32m  OK  [0m] Reached target Cloud-init target.

Ubuntu 16.04.2 LTS ubuntu-xenial ttyS0

ubuntu-xenial login: 